// Jest Snapshot v1, https://goo.gl/fbAQLP

exports[`Home page matches snapshot 1`] = `
<DocumentFragment>
  <div
    class="Container-sc-43yzvd-0 jeWtdV"
  >
    <main
      class="StyledMain-sc-43yzvd-1 mMuSq"
    >
      <div
        class="Container-sc-o2zdss-0 hgsMPa"
      >
        <button>
          Google LOGIN
        </button>
      </div>
      <h1
        class="Title-sc-43yzvd-2 jMLCrV"
      >
        Welcome to 
        <a
          href="https://nextjs.org"
        >
          Next.js!
        </a>
      </h1>
      <span
        class="sc-bdfBQB bSDfGC"
        size="16"
      />
      <div>
        <form
          style="text-align: center;"
        >
          <input
            type="text"
            value=""
          />
          <input
            type="submit"
            value="ADD"
          />
        </form>
        <ul
          class="Tasks-sc-43yzvd-3 izlyjp"
        >
          <li>
            <label>
              <input
                type="checkbox"
              />
              <span>
                foo task
              </span>
            </label>
            <input
              class="StyledInput-sc-43yzvd-4 dJjLOz"
              type="button"
              value="DELETE"
            />
          </li>
          <span
            class="sc-bdfBQB hNoJZG"
            size="12"
          />
          <li>
            <label>
              <input
                checked=""
                type="checkbox"
              />
              <span>
                bar task
              </span>
            </label>
            <input
              class="StyledInput-sc-43yzvd-4 dJjLOz"
              type="button"
              value="DELETE"
            />
          </li>
        </ul>
      </div>
    </main>
    <footer
      class="StyledFooter-sc-43yzvd-5 MAqtv"
    >
      <a
        href="https://vercel.com?utm_source=create-next-app&utm_medium=default-template&utm_campaign=create-next-app"
        rel="noopener noreferrer"
        target="_blank"
      >
        Powered by 
        <img
          alt="Vercel Logo"
          class="Logo-sc-43yzvd-6 lmsmDN"
          src="/vercel.svg"
        />
      </a>
    </footer>
  </div>
</DocumentFragment>
`;
